2025-06-21T16:40:52.629Z CLI debug [testhub:service]     loaded module: _0x57e3a1
2025-06-21T16:40:52.631Z CLI debug [instrumentation:service]     loaded module: instrumentation:module
2025-06-21T16:40:52.631Z CLI debug [observability:service]     loaded module: observability:module
2025-06-21T16:40:52.632Z CLI debug [accessibility:service]     loaded module: accessibility:module
2025-06-21T16:40:52.633Z CLI debug [ai:service]     loaded module: _0x1f56ff
2025-06-21T16:40:52.633Z CLI debug [percy:service]     loaded module: _0x45893d
2025-06-21T16:40:52.636Z CLI debug [local:service]     loaded module: _0x46797b
2025-06-21T16:40:52.636Z CLI debug [appautomate:service]     loaded module: appautomate:module
2025-06-21T16:40:52.834Z CLI debug [main]     Starting main function execution
2025-06-21T16:40:52.838Z CLI debug [main]     Executing CLI
2025-06-21T16:48:31.571Z CLI debug [testhub:service]     loaded module: _0x57e3a1
2025-06-21T16:48:31.573Z CLI debug [instrumentation:service]     loaded module: instrumentation:module
2025-06-21T16:48:31.573Z CLI debug [observability:service]     loaded module: observability:module
2025-06-21T16:48:31.575Z CLI debug [accessibility:service]     loaded module: accessibility:module
2025-06-21T16:48:31.575Z CLI debug [ai:service]     loaded module: _0x1f56ff
2025-06-21T16:48:31.576Z CLI debug [percy:service]     loaded module: _0x45893d
2025-06-21T16:48:31.578Z CLI debug [local:service]     loaded module: _0x46797b
2025-06-21T16:48:31.579Z CLI debug [appautomate:service]     loaded module: appautomate:module
2025-06-21T16:48:31.769Z CLI debug [main]     Starting main function execution
2025-06-21T16:48:31.773Z CLI debug [main]     Executing CLI
2025-06-21T16:57:24.413Z CLI debug [testhub:service]     loaded module: _0x57e3a1
2025-06-21T16:57:24.414Z CLI debug [instrumentation:service]     loaded module: instrumentation:module
2025-06-21T16:57:24.415Z CLI debug [observability:service]     loaded module: observability:module
2025-06-21T16:57:24.415Z CLI debug [accessibility:service]     loaded module: accessibility:module
2025-06-21T16:57:24.416Z CLI debug [ai:service]     loaded module: _0x1f56ff
2025-06-21T16:57:24.417Z CLI debug [percy:service]     loaded module: _0x45893d
2025-06-21T16:57:24.418Z CLI debug [local:service]     loaded module: _0x46797b
2025-06-21T16:57:24.419Z CLI debug [appautomate:service]     loaded module: appautomate:module
2025-06-21T16:57:24.598Z CLI debug [main]     Starting main function execution
2025-06-21T16:57:24.603Z CLI debug [main]     Executing CLI
2025-06-21T16:58:09.730Z CLI debug [testhub:service]     loaded module: _0x57e3a1
2025-06-21T16:58:09.731Z CLI debug [instrumentation:service]     loaded module: instrumentation:module
2025-06-21T16:58:09.732Z CLI debug [observability:service]     loaded module: observability:module
2025-06-21T16:58:09.733Z CLI debug [accessibility:service]     loaded module: accessibility:module
2025-06-21T16:58:09.733Z CLI debug [ai:service]     loaded module: _0x1f56ff
2025-06-21T16:58:09.734Z CLI debug [percy:service]     loaded module: _0x45893d
2025-06-21T16:58:09.736Z CLI debug [local:service]     loaded module: _0x46797b
2025-06-21T16:58:09.736Z CLI debug [appautomate:service]     loaded module: appautomate:module
2025-06-21T16:58:09.936Z CLI debug [main]     Starting main function execution
2025-06-21T16:58:09.940Z CLI debug [main]     Executing CLI
2025-06-21T16:59:49.347Z CLI debug [testhub:service]     loaded module: _0x57e3a1
2025-06-21T16:59:49.348Z CLI debug [instrumentation:service]     loaded module: instrumentation:module
2025-06-21T16:59:49.349Z CLI debug [observability:service]     loaded module: observability:module
2025-06-21T16:59:49.350Z CLI debug [accessibility:service]     loaded module: accessibility:module
2025-06-21T16:59:49.350Z CLI debug [ai:service]     loaded module: _0x1f56ff
2025-06-21T16:59:49.351Z CLI debug [percy:service]     loaded module: _0x45893d
2025-06-21T16:59:49.353Z CLI debug [local:service]     loaded module: _0x46797b
2025-06-21T16:59:49.353Z CLI debug [appautomate:service]     loaded module: appautomate:module
2025-06-21T16:59:49.528Z CLI debug [main]     Starting main function execution
2025-06-21T16:59:49.531Z CLI debug [main]     Executing CLI
2025-06-22T12:32:48.730Z CLI debug [testhub:service]     loaded module: _0x57e3a1
2025-06-22T12:32:48.730Z CLI debug [instrumentation:service]     loaded module: instrumentation:module
2025-06-22T12:32:48.730Z CLI debug [observability:service]     loaded module: observability:module
2025-06-22T12:32:48.731Z CLI debug [accessibility:service]     loaded module: accessibility:module
2025-06-22T12:32:48.731Z CLI debug [ai:service]     loaded module: _0x1f56ff
2025-06-22T12:32:48.731Z CLI debug [percy:service]     loaded module: _0x45893d
2025-06-22T12:32:48.732Z CLI debug [local:service]     loaded module: _0x46797b
2025-06-22T12:32:48.732Z CLI debug [appautomate:service]     loaded module: appautomate:module
2025-06-22T12:32:48.794Z CLI debug [main]     Starting main function execution
2025-06-22T12:32:48.796Z CLI debug [main]     Executing CLI
2025-06-22T12:39:55.912Z CLI debug [testhub:service]     loaded module: _0x57e3a1
2025-06-22T12:39:55.913Z CLI debug [instrumentation:service]     loaded module: instrumentation:module
2025-06-22T12:39:55.913Z CLI debug [observability:service]     loaded module: observability:module
2025-06-22T12:39:55.913Z CLI debug [accessibility:service]     loaded module: accessibility:module
2025-06-22T12:39:55.913Z CLI debug [ai:service]     loaded module: _0x1f56ff
2025-06-22T12:39:55.913Z CLI debug [percy:service]     loaded module: _0x45893d
2025-06-22T12:39:55.914Z CLI debug [local:service]     loaded module: _0x46797b
2025-06-22T12:39:55.914Z CLI debug [appautomate:service]     loaded module: appautomate:module
2025-06-22T12:39:55.972Z CLI debug [main]     Starting main function execution
2025-06-22T12:39:55.973Z CLI debug [main]     Executing CLI
2025-06-22T12:47:22.454Z CLI debug [testhub:service]     loaded module: _0x57e3a1
2025-06-22T12:47:22.454Z CLI debug [instrumentation:service]     loaded module: instrumentation:module
2025-06-22T12:47:22.454Z CLI debug [observability:service]     loaded module: observability:module
2025-06-22T12:47:22.454Z CLI debug [accessibility:service]     loaded module: accessibility:module
2025-06-22T12:47:22.455Z CLI debug [ai:service]     loaded module: _0x1f56ff
2025-06-22T12:47:22.455Z CLI debug [percy:service]     loaded module: _0x45893d
2025-06-22T12:47:22.455Z CLI debug [local:service]     loaded module: _0x46797b
2025-06-22T12:47:22.456Z CLI debug [appautomate:service]     loaded module: appautomate:module
2025-06-22T12:47:22.515Z CLI debug [main]     Starting main function execution
2025-06-22T12:47:22.517Z CLI debug [main]     Executing CLI
2025-06-22T12:47:31.535Z CLI debug [testhub:service]     loaded module: _0x57e3a1
2025-06-22T12:47:31.536Z CLI debug [instrumentation:service]     loaded module: instrumentation:module
2025-06-22T12:47:31.536Z CLI debug [observability:service]     loaded module: observability:module
2025-06-22T12:47:31.536Z CLI debug [accessibility:service]     loaded module: accessibility:module
2025-06-22T12:47:31.536Z CLI debug [ai:service]     loaded module: _0x1f56ff
2025-06-22T12:47:31.536Z CLI debug [percy:service]     loaded module: _0x45893d
2025-06-22T12:47:31.537Z CLI debug [local:service]     loaded module: _0x46797b
2025-06-22T12:47:31.537Z CLI debug [appautomate:service]     loaded module: appautomate:module
2025-06-22T12:47:31.596Z CLI debug [main]     Starting main function execution
2025-06-22T12:47:31.597Z CLI debug [main]     Executing CLI
2025-06-22T12:48:14.651Z CLI debug [testhub:service]     loaded module: _0x57e3a1
2025-06-22T12:48:14.651Z CLI debug [instrumentation:service]     loaded module: instrumentation:module
2025-06-22T12:48:14.651Z CLI debug [observability:service]     loaded module: observability:module
2025-06-22T12:48:14.651Z CLI debug [accessibility:service]     loaded module: accessibility:module
2025-06-22T12:48:14.652Z CLI debug [ai:service]     loaded module: _0x1f56ff
2025-06-22T12:48:14.652Z CLI debug [percy:service]     loaded module: _0x45893d
2025-06-22T12:48:14.653Z CLI debug [local:service]     loaded module: _0x46797b
2025-06-22T12:48:14.653Z CLI debug [appautomate:service]     loaded module: appautomate:module
2025-06-22T12:48:14.708Z CLI debug [main]     Starting main function execution
2025-06-22T12:48:14.710Z CLI debug [main]     Executing CLI
2025-06-22T12:49:23.315Z CLI debug [testhub:service]     loaded module: _0x57e3a1
2025-06-22T12:49:23.316Z CLI debug [instrumentation:service]     loaded module: instrumentation:module
2025-06-22T12:49:23.316Z CLI debug [observability:service]     loaded module: observability:module
2025-06-22T12:49:23.316Z CLI debug [accessibility:service]     loaded module: accessibility:module
2025-06-22T12:49:23.316Z CLI debug [ai:service]     loaded module: _0x1f56ff
2025-06-22T12:49:23.317Z CLI debug [percy:service]     loaded module: _0x45893d
2025-06-22T12:49:23.317Z CLI debug [local:service]     loaded module: _0x46797b
2025-06-22T12:49:23.317Z CLI debug [appautomate:service]     loaded module: appautomate:module
2025-06-22T12:49:23.383Z CLI debug [main]     Starting main function execution
2025-06-22T12:49:23.385Z CLI debug [main]     Executing CLI
2025-06-22T12:50:29.846Z CLI debug [testhub:service]     loaded module: _0x57e3a1
2025-06-22T12:50:29.847Z CLI debug [instrumentation:service]     loaded module: instrumentation:module
2025-06-22T12:50:29.847Z CLI debug [observability:service]     loaded module: observability:module
2025-06-22T12:50:29.848Z CLI debug [accessibility:service]     loaded module: accessibility:module
2025-06-22T12:50:29.848Z CLI debug [ai:service]     loaded module: _0x1f56ff
2025-06-22T12:50:29.849Z CLI debug [percy:service]     loaded module: _0x45893d
2025-06-22T12:50:29.850Z CLI debug [local:service]     loaded module: _0x46797b
2025-06-22T12:50:29.850Z CLI debug [appautomate:service]     loaded module: appautomate:module
2025-06-22T12:50:29.931Z CLI debug [main]     Starting main function execution
2025-06-22T12:50:29.933Z CLI debug [main]     Executing CLI
2025-06-22T12:51:19.281Z CLI debug [testhub:service]     loaded module: _0x57e3a1
2025-06-22T12:51:19.281Z CLI debug [instrumentation:service]     loaded module: instrumentation:module
2025-06-22T12:51:19.281Z CLI debug [observability:service]     loaded module: observability:module
2025-06-22T12:51:19.282Z CLI debug [accessibility:service]     loaded module: accessibility:module
2025-06-22T12:51:19.282Z CLI debug [ai:service]     loaded module: _0x1f56ff
2025-06-22T12:51:19.282Z CLI debug [percy:service]     loaded module: _0x45893d
2025-06-22T12:51:19.283Z CLI debug [local:service]     loaded module: _0x46797b
2025-06-22T12:51:19.283Z CLI debug [appautomate:service]     loaded module: appautomate:module
2025-06-22T12:51:19.339Z CLI debug [main]     Starting main function execution
2025-06-22T12:51:19.340Z CLI debug [main]     Executing CLI
2025-06-22T12:52:13.262Z CLI debug [testhub:service]     loaded module: _0x57e3a1
2025-06-22T12:52:13.263Z CLI debug [instrumentation:service]     loaded module: instrumentation:module
2025-06-22T12:52:13.263Z CLI debug [observability:service]     loaded module: observability:module
2025-06-22T12:52:13.263Z CLI debug [accessibility:service]     loaded module: accessibility:module
2025-06-22T12:52:13.263Z CLI debug [ai:service]     loaded module: _0x1f56ff
2025-06-22T12:52:13.264Z CLI debug [percy:service]     loaded module: _0x45893d
2025-06-22T12:52:13.265Z CLI debug [local:service]     loaded module: _0x46797b
2025-06-22T12:52:13.265Z CLI debug [appautomate:service]     loaded module: appautomate:module
2025-06-22T12:52:13.347Z CLI debug [main]     Starting main function execution
2025-06-22T12:52:13.349Z CLI debug [main]     Executing CLI
2025-06-22T12:57:18.472Z CLI debug [testhub:service]     loaded module: _0x57e3a1
2025-06-22T12:57:18.473Z CLI debug [instrumentation:service]     loaded module: instrumentation:module
2025-06-22T12:57:18.474Z CLI debug [observability:service]     loaded module: observability:module
2025-06-22T12:57:18.475Z CLI debug [accessibility:service]     loaded module: accessibility:module
2025-06-22T12:57:18.475Z CLI debug [ai:service]     loaded module: _0x1f56ff
2025-06-22T12:57:18.476Z CLI debug [percy:service]     loaded module: _0x45893d
2025-06-22T12:57:18.478Z CLI debug [local:service]     loaded module: _0x46797b
2025-06-22T12:57:18.478Z CLI debug [appautomate:service]     loaded module: appautomate:module
2025-06-22T12:57:18.548Z CLI debug [main]     Starting main function execution
2025-06-22T12:57:18.549Z CLI debug [main]     Executing CLI
2025-06-22T14:42:04.857Z CLI debug [testhub:service]     loaded module: _0x57e3a1
2025-06-22T14:42:04.858Z CLI debug [instrumentation:service]     loaded module: instrumentation:module
2025-06-22T14:42:04.858Z CLI debug [observability:service]     loaded module: observability:module
2025-06-22T14:42:04.858Z CLI debug [accessibility:service]     loaded module: accessibility:module
2025-06-22T14:42:04.858Z CLI debug [ai:service]     loaded module: _0x1f56ff
2025-06-22T14:42:04.858Z CLI debug [percy:service]     loaded module: _0x45893d
2025-06-22T14:42:04.859Z CLI debug [local:service]     loaded module: _0x46797b
2025-06-22T14:42:04.859Z CLI debug [appautomate:service]     loaded module: appautomate:module
2025-06-22T14:42:04.929Z CLI debug [main]     Starting main function execution
2025-06-22T14:42:04.931Z CLI debug [main]     Executing CLI
2025-06-22T14:43:50.193Z CLI debug [testhub:service]     loaded module: _0x57e3a1
2025-06-22T14:43:50.193Z CLI debug [instrumentation:service]     loaded module: instrumentation:module
2025-06-22T14:43:50.194Z CLI debug [observability:service]     loaded module: observability:module
2025-06-22T14:43:50.194Z CLI debug [accessibility:service]     loaded module: accessibility:module
2025-06-22T14:43:50.194Z CLI debug [ai:service]     loaded module: _0x1f56ff
2025-06-22T14:43:50.194Z CLI debug [percy:service]     loaded module: _0x45893d
2025-06-22T14:43:50.195Z CLI debug [local:service]     loaded module: _0x46797b
2025-06-22T14:43:50.195Z CLI debug [appautomate:service]     loaded module: appautomate:module
2025-06-22T14:43:50.260Z CLI debug [main]     Starting main function execution
2025-06-22T14:43:50.261Z CLI debug [main]     Executing CLI
2025-06-22T14:45:38.561Z CLI debug [testhub:service]     loaded module: _0x57e3a1
2025-06-22T14:45:38.561Z CLI debug [instrumentation:service]     loaded module: instrumentation:module
2025-06-22T14:45:38.562Z CLI debug [observability:service]     loaded module: observability:module
2025-06-22T14:45:38.562Z CLI debug [accessibility:service]     loaded module: accessibility:module
2025-06-22T14:45:38.562Z CLI debug [ai:service]     loaded module: _0x1f56ff
2025-06-22T14:45:38.562Z CLI debug [percy:service]     loaded module: _0x45893d
2025-06-22T14:45:38.563Z CLI debug [local:service]     loaded module: _0x46797b
2025-06-22T14:45:38.563Z CLI debug [appautomate:service]     loaded module: appautomate:module
2025-06-22T14:45:38.655Z CLI debug [main]     Starting main function execution
2025-06-22T14:45:38.658Z CLI debug [main]     Executing CLI
2025-06-22T14:47:15.321Z CLI debug [testhub:service]     loaded module: _0x57e3a1
2025-06-22T14:47:15.322Z CLI debug [instrumentation:service]     loaded module: instrumentation:module
2025-06-22T14:47:15.322Z CLI debug [observability:service]     loaded module: observability:module
2025-06-22T14:47:15.322Z CLI debug [accessibility:service]     loaded module: accessibility:module
2025-06-22T14:47:15.322Z CLI debug [ai:service]     loaded module: _0x1f56ff
2025-06-22T14:47:15.323Z CLI debug [percy:service]     loaded module: _0x45893d
2025-06-22T14:47:15.323Z CLI debug [local:service]     loaded module: _0x46797b
2025-06-22T14:47:15.324Z CLI debug [appautomate:service]     loaded module: appautomate:module
2025-06-22T14:47:15.390Z CLI debug [main]     Starting main function execution
2025-06-22T14:47:15.391Z CLI debug [main]     Executing CLI
